failed tests: 
